// Jest Snapshot v1, https://goo.gl/fbAQLP

exports[`should render AllExpenses with empty expenses 1`] = `
<div>
  <p>
    Add an expense to get started!
  </p>
</div>
`;

exports[`should render ExpenseList with expenses 1`] = `
<div>
  <SingleExpense
    amount="500"
    createdAt={0}
    description="Water Bill"
    id="1"
    key="1"
    note=""
  />
  <SingleExpense
    amount={1000}
    createdAt={-345600000}
    description="Rent bill"
    id="2"
    key="2"
    note=""
  />
  <SingleExpense
    amount={800}
    createdAt={345600000}
    description="Gas bill"
    id="3"
    key="3"
    note=""
  />
</div>
`;
